// Jest Snapshot v1, https://goo.gl/fbAQLP

exports[`formationData createEmptyFormationFormData returns the correct object 1`] = `
{
  "addressCity": undefined,
  "addressCountry": "US",
  "addressLine1": "",
  "addressLine2": "",
  "addressMunicipality": undefined,
  "addressProvince": undefined,
  "addressState": {
    "name": "New Jersey",
    "shortCode": "NJ",
  },
  "addressZipCode": "",
  "agentEmail": "",
  "agentName": "",
  "agentNumber": "",
  "agentNumberOrManual": "NUMBER",
  "agentOfficeAddressCity": undefined,
  "agentOfficeAddressLine1": "",
  "agentOfficeAddressLine2": "",
  "agentOfficeAddressMunicipality": undefined,
  "agentOfficeAddressZipCode": "",
  "agentUseAccountInfo": false,
  "agentUseBusinessAddress": false,
  "annualReportNotification": true,
  "businessName": "",
  "businessPurpose": "",
  "businessStartDate": "",
  "businessSuffix": undefined,
  "businessTotalStock": "",
  "canCreateLimitedPartner": undefined,
  "canGetDistribution": undefined,
  "canMakeDistribution": undefined,
  "certificateOfStanding": false,
  "certifiedCopyOfFormationDocument": false,
  "combinedInvestment": "",
  "contactFirstName": "",
  "contactLastName": "",
  "contactPhoneNumber": "",
  "corpWatchNotification": true,
  "createLimitedPartnerTerms": "",
  "dissolution": "",
  "foreignDateOfFormation": undefined,
  "foreignGoodStandingFile": undefined,
  "foreignStateOfFormation": undefined,
  "getDistributionTerms": "",
  "incorporators": undefined,
  "makeDistributionTerms": "",
  "members": undefined,
  "officialFormationDocument": true,
  "paymentType": undefined,
  "provisions": undefined,
  "signers": undefined,
  "withdrawals": "",
}
`;
